src/modules/books/book.service.ts(2,22): error TS2307: Cannot find module '../../../shared/types.js' or its corresponding type declarations.
